// Jest Snapshot v1, https://goo.gl/fbAQLP

exports[`App's architecture test are the Figure -> image and figcaption rendered correctly? 1`] = `
<figure>
  <img
    alt="AI Image Enlarger - Image Enlarger Online Tool Free"
    data-testid="image-test"
    src="https://encrypted-tbn0.gstatic.com/images?q=tbn%3AANd9GcQYmn-AewAIxk9ATJC3VOb26sVuSDkdqzDNieX9pov466JFno1k&usqp=CAU"
  />
  <figcaption
    data-testid="figcaption-test"
  >
    <strong>
      AI Image Enlarger - Image Enlarger Online Tool Free
    </strong>
  </figcaption>
</figure>
`;
